../Core/Src/main.c:125:5:main	176	static
../Core/Src/main.c:285:6:SystemClock_Config	88	static
../Core/Src/main.c:332:13:MX_ADC1_Init	24	static
../Core/Src/main.c:402:13:MX_RTC_Init	32	static
../Core/Src/main.c:465:13:MX_TIM1_Init	96	static
../Core/Src/main.c:544:13:MX_TIM3_Init	32	static
../Core/Src/main.c:589:13:MX_TIM10_Init	8	static
../Core/Src/main.c:620:13:MX_USART2_UART_Init	8	static
../Core/Src/main.c:653:13:MX_USART6_UART_Init	8	static
../Core/Src/main.c:684:13:MX_DMA_Init	16	static
../Core/Src/main.c:702:13:MX_GPIO_Init	48	static
../Core/Src/main.c:738:6:Get_Current_Time	48	static
../Core/Src/main.c:750:6:Send_Data_To_SQL	112	static
../Core/Src/main.c:759:9:Convert_ADC_To_Percentage	16	static
../Core/Src/main.c:763:6:Motor_SetSpeed	16	static
../Core/Src/main.c:769:6:Motor_SetDirection	16	static
../Core/Src/main.c:782:6:Motor_Start	8	static
../Core/Src/main.c:786:6:Motor_Stop	8	static
../Core/Src/main.c:790:6:Motor2_SetSpeed	16	static
../Core/Src/main.c:796:6:Motor2_SetDirection	16	static
../Core/Src/main.c:809:6:Motor2_Start	8	static
../Core/Src/main.c:813:6:Motor2_Stop	8	static
../Core/Src/main.c:822:1:__io_putchar	16	static
../Core/Src/main.c:830:6:HAL_TIM_PeriodElapsedCallback	16	static
../Core/Src/main.c:841:6:bluetooth_Event	144	static
../Core/Src/main.c:878:6:HAL_UART_RxCpltCallback	16	static
../Core/Src/main.c:913:6:HAL_ADC_ConvCpltCallback	16	static
../Core/Src/main.c:923:6:Error_Handler	4	static,ignoring_inline_asm
